// Jest Snapshot v1, https://goo.gl/fbAQLP

exports[`FieldWrapper component renders 1`] = `
.sx47aq8 {
  -webkit-appearance: none;
  appearance: none;
  border: 1px solid var(--sx-colors-tonal500);
  border-radius: var(--sx-radii-0);
  box-shadow: none;
  box-sizing: border-box;
  color: var(--sx-colors-tonal900);
  cursor: text;
  display: block;
  font-family: var(--sx-fonts-sans);
  font-size: var(--sx-fontSizes-md);
  height: var(--sx-sizes-4);
  width: 100%;
  padding: var(--sx-space-3);
  transition: all 100ms ease-out;
}

.sx47aq8:focus {
  border-color: var(--sx-colors-primary900);
  box-shadow: inset 0 0 0 1px var(--sx-colors-primary900);
  outline: none;
}

.sx47aq8[disabled] {
  background-color: var(--sx-colors-tonal300);
  color: var(--sx-colors-tonal700);
  cursor: not-allowed;
}

.sx2cs53 {
  display: flex;
}

.sx2cs53-re4mk {
  justify-content: space-between;
  align-items: center;
  margin-bottom: var(--sx-space-2);
}

.sxfey5o {
  color: var(--sx-colors-tonal900);
  font-family: var(--sx-fonts-sans);
  font-weight: 400;
  margin: 0;
}

.sxfey5oxzxpn--size-sm {
  font-size: var(--sx-fontSizes-sm);
  line-height: 1.69;
}

.sxfey5oxzxpn--size-sm::before {
  content: '';
  margin-bottom: -0.477em;
  display: table;
}

.sxfey5oxzxpn--size-sm::after {
  content: '';
  margin-top: -0.477em;
  display: table;
}

.sxfey5o-m6cy5 {
  color: var(--sx-colors-danger);
  margin-top: var(--sx-space-1);
}

.sxdiu5c {
  color: var(--sx-colors-secondary300);
  display: block;
  font-family: var(--sx-fonts-sans);
  font-weight: 500;
  margin: 0;
}

.sxdiu5cjqqvr--size-md {
  font-size: var(--sx-fontSizes-md);
  line-height: 1.625;
}

.sxdiu5cjqqvr--size-md::before {
  content: '';
  margin-bottom: -0.4489em;
  display: table;
}

.sxdiu5cjqqvr--size-md::after {
  content: '';
  margin-top: -0.4489em;
  display: table;
}

.sxfxyev {
  background: unset;
  border: unset;
  padding: unset;
  color: var(--sx-colors-primary500);
  cursor: pointer;
  font-family: var(--sx-fonts-sans);
  text-decoration: none;
}

.sxfxyev:focus,
.sxfxyev:hover {
  color: var(--sx-colors-primary900);
  text-decoration: underline;
}

.sxfxyev:active {
  color: var(--sx-colors-primary500);
}

.sxfey5o > .sxfxyev,
.sx2g5mn > .sxfxyev,
.sx03kze > .sxfxyev {
  font-size: 100%;
  line-height: 1;
}

.sxfey5o > .sxfxyev::before,
.sxfey5o > .sxfxyev::after,
.sx2g5mn > .sxfxyev::before,
.sx2g5mn > .sxfxyev::after,
.sx03kze > .sxfxyev::before,
.sx03kze > .sxfxyev::after {
  content: none;
}

.sxfxyevxzxpn--size-sm {
  font-size: var(--sx-fontSizes-sm);
  line-height: 1.69;
}

.sxfxyevxzxpn--size-sm::before {
  content: '';
  margin-bottom: -0.477em;
  display: table;
}

.sxfxyevxzxpn--size-sm::after {
  content: '';
  margin-top: -0.477em;
  display: table;
}

<div>
  <div
    class="sx03kze"
  >
    <div
      class="sx2cs53 sx2cs53-re4mk"
    >
      <label
        class="sxdiu5c sxdiu5cjqqvr--size-md"
        for="example"
      >
        Example Field
      </label>
      <a
        class="sxfxyev sxfxyevxzxpn--size-sm"
        href="https://example.com"
      >
        Example prompt
      </a>
    </div>
    <input
      class="sx47aq8"
      id="example"
      name="example"
      type="text"
    />
    <p
      class="sxfey5o sxfey5oxzxpn--size-sm sxfey5o-m6cy5"
    >
      Example error
    </p>
  </div>
</div>
`;
