// Jest Snapshot v1, https://goo.gl/fbAQLP

exports[`Icon component renders an icon 1`] = `
@media  {
  .c-dbrbZt {
    display: inline-block;
    fill: none;
    stroke: currentcolor;
    stroke-linecap: round;
    stroke-linejoin: round;
    vertical-align: middle;
  }
}

@media  {
  .c-dbrbZt-dMrjnF-size-md {
    height: var(--sizes-2);
    width: var(--sizes-2);
    stroke-width: 1.75;
  }
}

<div>
  <svg
    aria-hidden="true"
    class="c-dbrbZt c-dbrbZt-dMrjnF-size-md"
    title="check"
    viewBox="0 0 24 24"
    xmlns="http://www.w3.org/2000/svg"
  >
    <polyline
      points="4 13 9 18 20 7"
    />
  </svg>
</div>
`;
