// Jest Snapshot v1, https://goo.gl/fbAQLP

exports[`EmptyStates component renders 1`] = `
@media  {
  .c-dhzjXW {
    display: flex;
  }

  .c-kmANXN {
    flex-direction: column;
    align-items: center;
  }
}

@media  {
  .c-kmANXN-eSveXA-size-sm .c-eWgOGC {
    width: 84px;
    height: 48px;
    margin-bottom: var(--space-4);
  }

  .c-kmANXN-eSveXA-size-sm .c-ftwtsZ {
    font-size: var(--fontSizes-md);
    font-weight: 600;
    margin-bottom: var(--space-3);
  }

  .c-kmANXN-eSveXA-size-sm .c-cyRcZm {
    color: var(--colors-tonal400);
    font-size: var(--fontSizes-sm);
    font-weight: 400;
    margin-bottom: var(--space-4);
  }
}

<div>
  <div
    class="c-dhzjXW c-kmANXN c-kmANXN-eSveXA-size-sm"
  />
</div>
`;
