// Jest Snapshot v1, https://goo.gl/fbAQLP

exports[`Box component renders 1`] = `
.sx03kze6obnf--css {
  margin: auto;
}

.sx03kze6obnf--css {
  height: 100px;
  width: 100px;
}

<div>
  <div
    class="sx03kze sx03kze6obnf--css"
  >
    BOX
  </div>
</div>
`;
