// Jest Snapshot v1, https://goo.gl/fbAQLP

exports[`CheckboxField component renders 1`] = `
@media  {
  .c-cVSpVL {
    color: var(--colors-tonal500);
    font-family: var(--fonts-body);
    margin: 0;
  }

  .c-jgUzPy {
    position: absolute;
    top: 50%;
    left: 50%;
    transform: translateX(-50%) translateY(-50%);
  }

  .c-jMrbLF {
    -webkit-appearance: none;
    appearance: none;
    position: relative;
    background-color: transparent;
    border: 1px solid var(--colors-tonal400);
    border-radius: 3px;
    color: white;
    cursor: pointer;
    height: var(--sizes-1);
    width: var(--sizes-1);
    padding: 0;
    display: flex;
    align-items: center;
    justify-content: center;
    transition: all 50ms ease-out;
  }

  .c-jMrbLF[data-state="checked"] {
    background-color: var(--colors-primary);
    border-color: var(--colors-primary);
  }

  .c-jMrbLF[data-state="indeterminate"] {
    background-color: var(--colors-primary);
    border-color: var(--colors-primary);
  }

  .c-jMrbLF:focus {
    outline: 2px solid var(--colors-primary);
    outline-offset: 1px;
  }

  .c-jMrbLF[disabled] {
    opacity: 0.3;
    cursor: not-allowed;
  }
}

@media  {
  .c-cVSpVL-gvmVBy-size-md {
    font-size: var(--fontSizes-md);
    line-height: 1.5;
  }

  .c-cVSpVL-gvmVBy-size-md::before {
    content: '';
    margin-bottom: -0.3864em;
    display: table;
  }

  .c-cVSpVL-gvmVBy-size-md::after {
    content: '';
    margin-top: -0.3864em;
    display: table;
  }

  .c-cVSpVL-bsbHzT-type-inline {
    display: flex;
    font-weight: 400;
    max-width: max-content;
  }

  .c-jMrbLF-kupcZn-size-md {
    height: var(--sizes-1);
    width: var(--sizes-1);
  }
}

@media  {
  .c-cVSpVL-JrrAq-cv {
    align-items: flex-start;
  }

  .c-cVSpVL-ejCoEP-cv {
    flex-direction: row;
  }
}

@media  {
  .c-PJLV-ihmIibS-css {
    margin-right: var(--space-3);
    transform: translateY(var(--space-1));
  }
}

<div>
  <form
    aria-label="form"
    class="c-PJLV"
  >
    <div
      class="c-PJLV"
    >
      <label
        class="c-cVSpVL c-cVSpVL-gvmVBy-size-md c-cVSpVL-bsbHzT-type-inline c-cVSpVL-JrrAq-cv c-cVSpVL-ejCoEP-cv"
      >
        <div
          class="c-PJLV c-PJLV-ihmIibS-css"
        >
          <button
            aria-checked="false"
            class="c-jMrbLF c-jMrbLF-kupcZn-size-md"
            data-state="unchecked"
            role="checkbox"
            type="button"
            value="off"
          />
          <input
            aria-hidden="true"
            name="example"
            style="transform: translateX(-100%); position: absolute; pointer-events: none; opacity: 0; margin: 0px; width: 0px; height: 0px;"
            tabindex="-1"
            type="checkbox"
            value="off"
          />
        </div>
        Example
      </label>
    </div>
  </form>
</div>
`;
