// Vitest Snapshot v1

exports[`Flex component > renders 1`] = `
<div>
  <div
    class="c-dhzjXW c-dhzjXW-ikLAKdM-css"
  >
    FLEX
  </div>
</div>
`;
