// Jest Snapshot v1, https://goo.gl/fbAQLP

exports[`NotificationBadge component renders a NotificationBadge 1`] = `
@media  {
  .c-cmpvrW {
    position: relative;
  }

  .c-dhzjXW {
    display: flex;
  }

  .c-DBukb {
    font-family: var(--fonts-body);
    font-size: var(--fontSizes-sm);
    flex-direction: column;
    justify-content: center;
    position: absolute;
    top: 0;
    right: 0;
    transform: translate(50%, -50%);
    border-radius: var(--radii-round);
    padding: var(--space-1);
    height: var(--sizes-2);
    min-width: var(--sizes-2);
    text-align: center;
    color: #fff;
    background: var(--colors-primary);
  }

  .c-fDzwZw {
    align-items: center;
    -webkit-appearance: none;
    appearance: none;
    background: white;
    border: unset;
    border-radius: var(--radii-0);
    box-sizing: border-box;
    cursor: pointer;
    display: flex;
    justify-content: center;
    padding: unset;
    transition: all 100ms ease-out;
  }

  .c-dbrbZt {
    display: inline-block;
    fill: none;
    stroke: currentcolor;
    stroke-linecap: round;
    stroke-linejoin: round;
    vertical-align: middle;
  }
}

@media  {
  .c-fDzwZw-PrXKS-size-lg {
    height: var(--sizes-4);
    width: var(--sizes-4);
  }

  .c-fDzwZw-rloUt-isRounded-true {
    border-radius: var(--radii-round);
  }

  .c-dbrbZt-hemXWm-size-md {
    height: var(--sizes-2);
    width: var(--sizes-2);
    stroke-width: 2;
  }
}

@media  {
  .c-fDzwZw-jpgoGt-cv {
    border: 1px solid;
    border-color: currentColor;
    color: var(--colors-primary);
  }

  .c-fDzwZw-jpgoGt-cv:not(:disabled):hover,
  .c-fDzwZw-jpgoGt-cv:not(:disabled):focus {
    color: var(--colors-primaryMid);
  }

  .c-fDzwZw-jpgoGt-cv:not(:disabled):active {
    color: var(--colors-primaryDark);
  }

  .c-fDzwZw-jpgoGt-cv[disabled] {
    border-color: var(--colors-tonal400);
    color: var(--colors-tonal400);
    cursor: not-allowed;
  }
}

@media  {
  .c-dbrbZt-ihFPSGE-css {
    height: 20px;
    width: 20px;
  }
}

<div>
  <div
    class="c-PJLV c-cmpvrW"
  >
    <div
      class="c-dhzjXW c-DBukb"
      role="status"
    >
      3
    </div>
    <button
      aria-label="testing"
      class="c-fDzwZw c-fDzwZw-PrXKS-size-lg c-fDzwZw-rloUt-isRounded-true c-fDzwZw-jpgoGt-cv"
      type="button"
    >
      <svg
        aria-hidden="true"
        class="c-dbrbZt c-dbrbZt-hemXWm-size-md c-dbrbZt-ihFPSGE-css"
        viewBox="0 0 24 24"
        xmlns="http://www.w3.org/2000/svg"
      >
        <path
          d="M17 18V6m-5 12V6M7 18V6M5 8h4m1 8h4m1-4h4"
        />
      </svg>
    </button>
  </div>
</div>
`;
