// Jest Snapshot v1, https://goo.gl/fbAQLP

exports[`Flex component renders 1`] = `
.sx2cs53 {
  display: flex;
}

.sx2cs536obnf--css {
  margin: auto;
}

.sx2cs536obnf--css {
  height: 100px;
  width: 100px;
}

<div>
  <div
    class="sx2cs53 sx2cs536obnf--css"
  >
    FLEX
  </div>
</div>
`;
