// Jest Snapshot v1, https://goo.gl/fbAQLP

exports[`NoOverflowWrapper component renders 1`] = `
@media  {
  .c-edXhKp {
    height: 100%;
    width: 100%;
    border-radius: inherit;
    overflow: hidden;
  }
}

<div>
  <div
    class="c-PJLV c-edXhKp"
  />
</div>
`;
