// Jest Snapshot v1, https://goo.gl/fbAQLP

exports[`Dialog component opens the popover once trigger is clicked 1`] = `
@media  {
  .c-oUmPa {
    align-items: center;
    -webkit-appearance: none;
    appearance: none;
    background: white;
    border: unset;
    border-radius: var(--radii-0);
    box-sizing: border-box;
    cursor: pointer;
    display: flex;
    flex-shrink: 0;
    justify-content: center;
    padding: unset;
    transition: all 100ms ease-out;
  }

  .c-oUmPa[disabled] {
    opacity: 0.3;
    cursor: not-allowed;
  }

  .c-hMRxhp {
    display: inline-block;
    fill: none;
    flex-shrink: 0;
    stroke: currentcolor;
    stroke-linecap: round;
    stroke-linejoin: round;
    vertical-align: middle;
  }

  .c-jryFOR {
    font-family: var(--fonts-display);
    font-weight: 700;
    margin: 0;
  }

  .c-dhzjXW {
    display: flex;
  }

  .c-dIzwvf {
    background: white;
    box-shadow: var(--shadows-3);
    box-sizing: border-box;
    left: 50%;
    max-width: 90vw;
    max-height: 90vh;
    overflow-y: auto;
    padding: var(--space-5);
    position: fixed;
    top: 50%;
    transform: translate3d(-50%, -50%, 0);
    z-index: 1147483646;
  }

  .c-dIzwvf:focus {
    outline: none;
  }

@media (prefers-reduced-motion: no-preference) {
    .c-dIzwvf[data-state="open"] {
      animation: k-iaWRFC 550ms cubic-bezier(0.22, 1, 0.36, 1);
    }
}

@media (prefers-reduced-motion: no-preference) {
    .c-dIzwvf[data-state="closed"] {
      animation: k-gturUW 550ms cubic-bezier(0.22, 1, 0.36, 1);
    }
}

  .c-fWhrtB {
    background-color: var(--colors-alpha600);
    position: fixed;
    inset: 0;
    z-index: 1147483646;
  }

@media (prefers-reduced-motion: no-preference) {
    .c-fWhrtB[data-state="open"] {
      animation: k-eyOShd 250ms ease-out;
    }
}

@media (prefers-reduced-motion: no-preference) {
    .c-fWhrtB[data-state="closed"] {
      animation: k-bHbNKp 550ms ease-out;
    }
}
}

@media  {
  .c-oUmPa-PrXKS-size-md {
    height: var(--sizes-4);
    width: var(--sizes-4);
  }

  .c-hMRxhp-dMrjnF-size-md {
    height: var(--sizes-2);
    width: var(--sizes-2);
    stroke-width: 1.75;
  }

  .c-jryFOR-dtbHih-size-sm {
    font-size: var(--fontSizes-lg);
    line-height: 1.14;
  }

  .c-jryFOR-dtbHih-size-sm::before {
    content: '';
    margin-bottom: -0.2174em;
    display: table;
  }

  .c-jryFOR-dtbHih-size-sm::after {
    content: '';
    margin-top: -0.2254em;
    display: table;
  }

  .c-dhzjXW-hmJoPD-justify-end {
    justify-content: end;
  }

  .c-dhzjXW-dvnNgW-gap-3 {
    gap: var(--space-3);
  }

  .c-dIzwvf-cJSEWp-size-sm {
    width: 480px;
    height: auto;
    max-width: auto;
    max-height: auto;
  }

@supports (height: 100svh) {
    .c-dIzwvf-cJSEWp-size-sm {
      height: auto;
      max-height: auto;
    }
}

  .c-dIzwvf-cJSEWp-size-sm {
    border-radius: var(--radii-1);
  }
}

@media  {
  .c-oUmPa-jCxibG-cv {
    background: transparent;
    color: var(--colors-tonal300);
  }

  .c-oUmPa-jCxibG-cv:not(:disabled):hover,
  .c-oUmPa-jCxibG-cv:not(:disabled):focus {
    color: var(--colors-primary900);
  }

  .c-oUmPa-jCxibG-cv:not(:disabled):active {
    color: var(--colors-primary1000);
  }
}

@media  {
  .c-oUmPa-ifOCxRY-css {
    position: absolute;
    right: var(--space-4);
    top: var(--space-4);
    height: var(--sizes-5);
    width: var(--sizes-5);
  }

  .c-jryFOR-ijkrzPY-css {
    border-bottom: 1px solid var(--colors-tonal100);
    font-family: var(--fonts-body);
    padding: 0 var(--space-5) var(--space-5) var(--space-5);
    margin-bottom: var(--space-5);
    margin-left: calc(var(--space-5)*-1);
    margin-right: calc(var(--space-5)*-1);
    box-sizing: content-box;
  }

  .c-dhzjXW-illFGmD-css {
    padding-top: var(--space-4);
  }
}

<div
  aria-describedby="radix-:r5:"
  aria-label="Dialog"
  aria-labelledby="radix-:r4:"
  class="c-dIzwvf c-dIzwvf-cJSEWp-size-sm"
  data-state="open"
  id="radix-:r3:"
  role="dialog"
  style="pointer-events: auto;"
  tabindex="-1"
>
  <button
    aria-label="Close dialog"
    class="c-oUmPa c-oUmPa-PrXKS-size-md c-oUmPa-jCxibG-cv c-oUmPa-ifOCxRY-css"
    type="button"
  >
    <svg
      aria-hidden="true"
      class="c-hMRxhp c-hMRxhp-dMrjnF-size-md c-hMRxhp-iPJLV-css"
      viewBox="0 0 24 24"
      xmlns="http://www.w3.org/2000/svg"
    >
      <path
        d="m6.343 6.343 11.314 11.314m-11.314 0L17.657 6.343"
      />
    </svg>
  </button>
  <h2
    class="c-jryFOR c-jryFOR-dtbHih-size-sm c-jryFOR-ijkrzPY-css"
  >
    TITLE
  </h2>
  CONTENT
  <div
    class="c-dhzjXW c-dhzjXW-hmJoPD-justify-end c-dhzjXW-dvnNgW-gap-3 c-dhzjXW-illFGmD-css"
  >
    FOOTER
  </div>
</div>
`;

exports[`Dialog component renders the trigger with the popover hidden by default 1`] = `
<div>
  <button
    aria-controls="radix-:r0:"
    aria-expanded="false"
    aria-haspopup="dialog"
    data-state="closed"
    type="button"
  >
    TRIGGER
  </button>
</div>
`;

exports[`Dialog component with custom background renders 1`] = `
@media  {
  .c-oUmPa {
    align-items: center;
    -webkit-appearance: none;
    appearance: none;
    background: white;
    border: unset;
    border-radius: var(--radii-0);
    box-sizing: border-box;
    cursor: pointer;
    display: flex;
    flex-shrink: 0;
    justify-content: center;
    padding: unset;
    transition: all 100ms ease-out;
  }

  .c-oUmPa[disabled] {
    opacity: 0.3;
    cursor: not-allowed;
  }

  .c-hMRxhp {
    display: inline-block;
    fill: none;
    flex-shrink: 0;
    stroke: currentcolor;
    stroke-linecap: round;
    stroke-linejoin: round;
    vertical-align: middle;
  }

  .c-jryFOR {
    font-family: var(--fonts-display);
    font-weight: 700;
    margin: 0;
  }

  .c-dhzjXW {
    display: flex;
  }

  .c-dIzwvf {
    background: white;
    box-shadow: var(--shadows-3);
    box-sizing: border-box;
    left: 50%;
    max-width: 90vw;
    max-height: 90vh;
    overflow-y: auto;
    padding: var(--space-5);
    position: fixed;
    top: 50%;
    transform: translate3d(-50%, -50%, 0);
    z-index: 1147483646;
  }

  .c-dIzwvf:focus {
    outline: none;
  }

@media (prefers-reduced-motion: no-preference) {
    .c-dIzwvf[data-state="open"] {
      animation: k-iaWRFC 550ms cubic-bezier(0.22, 1, 0.36, 1);
    }
}

@media (prefers-reduced-motion: no-preference) {
    .c-dIzwvf[data-state="closed"] {
      animation: k-gturUW 550ms cubic-bezier(0.22, 1, 0.36, 1);
    }
}

  .c-fWhrtB {
    background-color: var(--colors-alpha600);
    position: fixed;
    inset: 0;
    z-index: 1147483646;
  }

@media (prefers-reduced-motion: no-preference) {
    .c-fWhrtB[data-state="open"] {
      animation: k-eyOShd 250ms ease-out;
    }
}

@media (prefers-reduced-motion: no-preference) {
    .c-fWhrtB[data-state="closed"] {
      animation: k-bHbNKp 550ms ease-out;
    }
}

  .c-kNieLL {
    width: 100vw;
    height: 100vh;
  }
}

@media  {
  .c-oUmPa-PrXKS-size-md {
    height: var(--sizes-4);
    width: var(--sizes-4);
  }

  .c-hMRxhp-dMrjnF-size-md {
    height: var(--sizes-2);
    width: var(--sizes-2);
    stroke-width: 1.75;
  }

  .c-jryFOR-dtbHih-size-sm {
    font-size: var(--fontSizes-lg);
    line-height: 1.14;
  }

  .c-jryFOR-dtbHih-size-sm::before {
    content: '';
    margin-bottom: -0.2174em;
    display: table;
  }

  .c-jryFOR-dtbHih-size-sm::after {
    content: '';
    margin-top: -0.2254em;
    display: table;
  }

  .c-dhzjXW-hmJoPD-justify-end {
    justify-content: end;
  }

  .c-dhzjXW-dvnNgW-gap-3 {
    gap: var(--space-3);
  }

  .c-dIzwvf-cJSEWp-size-sm {
    width: 480px;
    height: auto;
    max-width: auto;
    max-height: auto;
  }

@supports (height: 100svh) {
    .c-dIzwvf-cJSEWp-size-sm {
      height: auto;
      max-height: auto;
    }
}

  .c-dIzwvf-cJSEWp-size-sm {
    border-radius: var(--radii-1);
  }
}

@media  {
  .c-oUmPa-jCxibG-cv {
    background: transparent;
    color: var(--colors-tonal300);
  }

  .c-oUmPa-jCxibG-cv:not(:disabled):hover,
  .c-oUmPa-jCxibG-cv:not(:disabled):focus {
    color: var(--colors-primary900);
  }

  .c-oUmPa-jCxibG-cv:not(:disabled):active {
    color: var(--colors-primary1000);
  }
}

@media  {
  .c-oUmPa-ifOCxRY-css {
    position: absolute;
    right: var(--space-4);
    top: var(--space-4);
    height: var(--sizes-5);
    width: var(--sizes-5);
  }

  .c-jryFOR-ijkrzPY-css {
    border-bottom: 1px solid var(--colors-tonal100);
    font-family: var(--fonts-body);
    padding: 0 var(--space-5) var(--space-5) var(--space-5);
    margin-bottom: var(--space-5);
    margin-left: calc(var(--space-5)*-1);
    margin-right: calc(var(--space-5)*-1);
    box-sizing: content-box;
  }

  .c-dhzjXW-illFGmD-css {
    padding-top: var(--space-4);
  }
}

<div
  class="c-fWhrtB"
  data-state="open"
  id="modal_overlay"
  style="pointer-events: auto;"
>
  <div
    aria-hidden="true"
    class="c-PJLV c-kNieLL"
    data-aria-hidden="true"
  >
    CUSTOM BACKGROUND
  </div>
  <div
    aria-describedby="radix-:rk:"
    aria-label="Dialog"
    aria-labelledby="radix-:rj:"
    class="c-dIzwvf c-dIzwvf-cJSEWp-size-sm"
    data-state="open"
    id="radix-:ri:"
    role="dialog"
    style="pointer-events: auto;"
    tabindex="-1"
  >
    <button
      aria-label="Close dialog"
      class="c-oUmPa c-oUmPa-PrXKS-size-md c-oUmPa-jCxibG-cv c-oUmPa-ifOCxRY-css"
      type="button"
    >
      <svg
        aria-hidden="true"
        class="c-hMRxhp c-hMRxhp-dMrjnF-size-md c-hMRxhp-iPJLV-css"
        viewBox="0 0 24 24"
        xmlns="http://www.w3.org/2000/svg"
      >
        <path
          d="m6.343 6.343 11.314 11.314m-11.314 0L17.657 6.343"
        />
      </svg>
    </button>
    CONTENT
  </div>
</div>
`;

exports[`Dialog component without close button renders 1`] = `
@media  {
  .c-oUmPa {
    align-items: center;
    -webkit-appearance: none;
    appearance: none;
    background: white;
    border: unset;
    border-radius: var(--radii-0);
    box-sizing: border-box;
    cursor: pointer;
    display: flex;
    flex-shrink: 0;
    justify-content: center;
    padding: unset;
    transition: all 100ms ease-out;
  }

  .c-oUmPa[disabled] {
    opacity: 0.3;
    cursor: not-allowed;
  }

  .c-hMRxhp {
    display: inline-block;
    fill: none;
    flex-shrink: 0;
    stroke: currentcolor;
    stroke-linecap: round;
    stroke-linejoin: round;
    vertical-align: middle;
  }

  .c-jryFOR {
    font-family: var(--fonts-display);
    font-weight: 700;
    margin: 0;
  }

  .c-dhzjXW {
    display: flex;
  }

  .c-dIzwvf {
    background: white;
    box-shadow: var(--shadows-3);
    box-sizing: border-box;
    left: 50%;
    max-width: 90vw;
    max-height: 90vh;
    overflow-y: auto;
    padding: var(--space-5);
    position: fixed;
    top: 50%;
    transform: translate3d(-50%, -50%, 0);
    z-index: 1147483646;
  }

  .c-dIzwvf:focus {
    outline: none;
  }

@media (prefers-reduced-motion: no-preference) {
    .c-dIzwvf[data-state="open"] {
      animation: k-iaWRFC 550ms cubic-bezier(0.22, 1, 0.36, 1);
    }
}

@media (prefers-reduced-motion: no-preference) {
    .c-dIzwvf[data-state="closed"] {
      animation: k-gturUW 550ms cubic-bezier(0.22, 1, 0.36, 1);
    }
}

  .c-fWhrtB {
    background-color: var(--colors-alpha600);
    position: fixed;
    inset: 0;
    z-index: 1147483646;
  }

@media (prefers-reduced-motion: no-preference) {
    .c-fWhrtB[data-state="open"] {
      animation: k-eyOShd 250ms ease-out;
    }
}

@media (prefers-reduced-motion: no-preference) {
    .c-fWhrtB[data-state="closed"] {
      animation: k-bHbNKp 550ms ease-out;
    }
}
}

@media  {
  .c-oUmPa-PrXKS-size-md {
    height: var(--sizes-4);
    width: var(--sizes-4);
  }

  .c-hMRxhp-dMrjnF-size-md {
    height: var(--sizes-2);
    width: var(--sizes-2);
    stroke-width: 1.75;
  }

  .c-jryFOR-dtbHih-size-sm {
    font-size: var(--fontSizes-lg);
    line-height: 1.14;
  }

  .c-jryFOR-dtbHih-size-sm::before {
    content: '';
    margin-bottom: -0.2174em;
    display: table;
  }

  .c-jryFOR-dtbHih-size-sm::after {
    content: '';
    margin-top: -0.2254em;
    display: table;
  }

  .c-dhzjXW-hmJoPD-justify-end {
    justify-content: end;
  }

  .c-dhzjXW-dvnNgW-gap-3 {
    gap: var(--space-3);
  }

  .c-dIzwvf-cJSEWp-size-sm {
    width: 480px;
    height: auto;
    max-width: auto;
    max-height: auto;
  }

@supports (height: 100svh) {
    .c-dIzwvf-cJSEWp-size-sm {
      height: auto;
      max-height: auto;
    }
}

  .c-dIzwvf-cJSEWp-size-sm {
    border-radius: var(--radii-1);
  }
}

<div
  aria-describedby="radix-:rh:"
  aria-label="Dialog"
  aria-labelledby="radix-:rg:"
  class="c-dIzwvf c-dIzwvf-cJSEWp-size-sm"
  data-state="open"
  id="radix-:rf:"
  role="dialog"
  style="pointer-events: auto;"
  tabindex="-1"
>
  CONTENT
</div>
`;
