// Jest Snapshot v1, https://goo.gl/fbAQLP

exports[`Text component renders some text 1`] = `
.sxeds20 {
  color: var(--colors-tonal900);
  font-family: var(--fonts-sans);
  font-weight: 400;
  margin: 0;
  max-width: 60ch;
}

.sxeds20zdqo8--size-md {
  font-size: var(--fontSizes-md);
  line-height: 1.75;
}

.sxeds20zdqo8--size-md::before {
  content: '';
  margin-bottom: -0.5114em;
  display: table;
}

.sxeds20zdqo8--size-md::after {
  content: '';
  margin-top: -0.5114em;
  display: table;
}

<div>
  <p
    class="sxeds20 sxeds20zdqo8--size-md"
  >
    TEXT
  </p>
</div>
`;
