// Jest Snapshot v1, https://goo.gl/fbAQLP

exports[`Stack component renders 1`] = `
@media  {
  .c-jgdwfn {
    display: flex;
  }

  .c-jgdwfn > * {
    margin: 0;
  }
}

@media  {
  .c-jgdwfn-ejCoEP-direction-row {
    flex-direction: row;
  }

  .c-jgdwfn-XefLA-wrap-true {
    flex-wrap: wrap;
  }

  .c-jgdwfn-awKDG-justify-start {
    justify-content: flex-start;
  }

  .c-jgdwfn-jroWjL-align-center {
    align-items: center;
  }
}

<div>
  <div
    class="c-jgdwfn c-jgdwfn-ejCoEP-direction-row c-jgdwfn-XefLA-wrap-true c-jgdwfn-awKDG-justify-start c-jgdwfn-jroWjL-align-center"
  />
</div>
`;
