// Jest Snapshot v1, https://goo.gl/fbAQLP

exports[`FieldWrapper component renders 1`] = `
@media  {
  .c-dhzjXW {
    display: flex;
  }

  .c-cVSpVL {
    color: var(--colors-tonal500);
    font-family: var(--fonts-body);
    margin: 0;
  }

  .c-kgcOue {
    background: unset;
    border: unset;
    padding: unset;
    color: var(--colors-primary);
    cursor: pointer;
    font-family: var(--fonts-body);
    text-decoration: none;
  }

  .c-kgcOue:focus,
  .c-kgcOue:hover {
    color: var(--colors-primaryMid);
    text-decoration: underline;
  }

  .c-kgcOue:active {
    color: var(--colors-primaryDark);
  }

  .c-fIXJvv > .c-kgcOue,
  .c-iSnHBU > .c-kgcOue,
  .c-PJLV > .c-kgcOue {
    font-size: 100%;
    line-height: 1;
  }

  .c-fIXJvv > .c-kgcOue::before,
  .c-fIXJvv > .c-kgcOue::after,
  .c-iSnHBU > .c-kgcOue::before,
  .c-iSnHBU > .c-kgcOue::after,
  .c-PJLV > .c-kgcOue::before,
  .c-PJLV > .c-kgcOue::after {
    content: none;
  }

  .c-fZTBsJ {
    -webkit-appearance: none;
    appearance: none;
    border: 1px solid var(--colors-tonal400);
    border-radius: var(--radii-0);
    box-shadow: none;
    box-sizing: border-box;
    color: var(--colors-tonal600);
    cursor: text;
    display: block;
    font-family: var(--fonts-body);
    padding-left: var(--space-3);
    padding-right: var(--space-3);
    transition: all 100ms ease-out;
    width: 100%;
  }

  .c-fZTBsJ:focus {
    border-color: var(--colors-primary);
    outline: none;
  }

  .c-fZTBsJ[disabled] {
    background-color: var(--colors-tonal100);
    color: var(--colors-tonal400);
    cursor: not-allowed;
  }

  .c-fZTBsJ::placeholder {
    color: var(--colors-tonal300);
    opacity: 1;
  }

  .c-dbrbZt {
    display: inline-block;
    fill: none;
    stroke: currentcolor;
    stroke-linecap: round;
    stroke-linejoin: round;
    vertical-align: middle;
  }

  .c-fzYfTW {
    flex-shrink: 0;
    margin-right: var(--space-2);
  }

  .c-fIXJvv {
    color: var(--colors-tonal600);
    font-family: var(--fonts-body);
    font-weight: 400;
    margin: 0;
  }

  .c-fIXJvv > .c-fIXJvv:before,
  .c-fIXJvv > .c-fIXJvv:after {
    display: none;
  }
}

@media  {
  .c-cVSpVL-gvmVBy-size-md {
    font-size: var(--fontSizes-md);
    line-height: 1.5;
  }

  .c-cVSpVL-gvmVBy-size-md::before {
    content: '';
    margin-bottom: -0.3864em;
    display: table;
  }

  .c-cVSpVL-gvmVBy-size-md::after {
    content: '';
    margin-top: -0.3864em;
    display: table;
  }

  .c-cVSpVL-grKRUr-type-block {
    display: block;
    font-weight: 600;
  }

  .c-kgcOue-bndJoy-size-sm {
    font-size: var(--fontSizes-sm);
    line-height: 1.53;
  }

  .c-kgcOue-bndJoy-size-sm::before {
    content: '';
    margin-bottom: -0.4056em;
    display: table;
  }

  .c-kgcOue-bndJoy-size-sm::after {
    content: '';
    margin-top: -0.4056em;
    display: table;
  }

  .c-fZTBsJ-pHZal-size-md {
    height: var(--sizes-4);
    font-size: var(--fontSizes-md);
  }

  .c-PJLV-iymbh-theme-error {
    color: var(--colors-danger);
  }

  .c-dbrbZt-cyeZeh-size-sm {
    height: var(--sizes-1);
    width: var(--sizes-1);
    stroke-width: 1.5;
  }

  .c-fIXJvv-bndJoy-size-sm {
    font-size: var(--fontSizes-sm);
    line-height: 1.53;
  }

  .c-fIXJvv-bndJoy-size-sm::before {
    content: '';
    margin-bottom: -0.4056em;
    display: table;
  }

  .c-fIXJvv-bndJoy-size-sm::after {
    content: '';
    margin-top: -0.4056em;
    display: table;
  }
}

@media  {
  .c-dhzjXW-iwHglP-css {
    justify-content: space-between;
    align-items: center;
    margin-bottom: var(--space-3);
  }

  .c-dhzjXW-ijkHUQU-css {
    margin-top: var(--space-2);
  }

  .c-fIXJvv-igszWir-css {
    color: inherit;
    transform: translateY(var(--space-0));
  }
}

<div>
  <div
    class="c-PJLV"
  >
    <div
      class="c-dhzjXW c-dhzjXW-iwHglP-css"
    >
      <label
        class="c-cVSpVL c-cVSpVL-gvmVBy-size-md c-cVSpVL-grKRUr-type-block"
        for="example"
      >
        Example Field
      </label>
      <a
        class="c-kgcOue c-kgcOue-bndJoy-size-sm"
        href="https://example.com"
      >
        Example prompt
      </a>
    </div>
    <input
      class="c-fZTBsJ c-fZTBsJ-pHZal-size-md"
      id="example"
      name="example"
      type="text"
    />
    <div
      class="c-dhzjXW c-PJLV c-PJLV-iymbh-theme-error c-dhzjXW-ijkHUQU-css"
    >
      <svg
        aria-hidden="true"
        class="c-dbrbZt c-dbrbZt-cyeZeh-size-sm c-fzYfTW"
        viewBox="0 0 24 24"
        xmlns="http://www.w3.org/2000/svg"
      >
        <path
          d="M12 8v5"
        />
        <line
          x1="12"
          x2="12"
          y1="16"
          y2="16"
        />
        <circle
          cx="12"
          cy="12"
          r="10"
        />
      </svg>
      <span
        class="c-fIXJvv c-fIXJvv-bndJoy-size-sm c-fIXJvv-igszWir-css"
      >
        Example error
      </span>
    </div>
  </div>
</div>
`;
