// Jest Snapshot v1, https://goo.gl/fbAQLP

exports[`InlineMessage component renders an inline message 1`] = `
@media  {
  .c-dhzjXW {
    display: flex;
  }

  .c-dbrbZt {
    display: inline-block;
    fill: none;
    stroke: currentcolor;
    stroke-linecap: round;
    stroke-linejoin: round;
    vertical-align: middle;
  }

  .c-fzYfTW {
    flex-shrink: 0;
    margin-right: var(--space-2);
  }

  .c-fIXJvv {
    color: var(--colors-tonal600);
    font-family: var(--fonts-body);
    font-weight: 400;
    margin: 0;
  }

  .c-fIXJvv > .c-fIXJvv:before,
  .c-fIXJvv > .c-fIXJvv:after {
    display: none;
  }
}

@media  {
  .c-PJLV-iymbh-theme-error {
    color: var(--colors-danger);
  }

  .c-dbrbZt-cyeZeh-size-sm {
    height: var(--sizes-1);
    width: var(--sizes-1);
    stroke-width: 1.5;
  }

  .c-fIXJvv-bndJoy-size-sm {
    font-size: var(--fontSizes-sm);
    line-height: 1.53;
  }

  .c-fIXJvv-bndJoy-size-sm::before {
    content: '';
    margin-bottom: -0.4056em;
    display: table;
  }

  .c-fIXJvv-bndJoy-size-sm::after {
    content: '';
    margin-top: -0.4056em;
    display: table;
  }
}

@media  {
  .c-fIXJvv-igszWir-css {
    color: inherit;
    transform: translateY(var(--space-0));
  }
}

<div>
  <div
    class="c-dhzjXW c-PJLV c-PJLV-iymbh-theme-error"
  >
    <svg
      aria-hidden="true"
      class="c-dbrbZt c-dbrbZt-cyeZeh-size-sm c-fzYfTW"
      viewBox="0 0 24 24"
      xmlns="http://www.w3.org/2000/svg"
    >
      <path
        d="M12 8v5"
      />
      <line
        x1="12"
        x2="12"
        y1="16"
        y2="16"
      />
      <circle
        cx="12"
        cy="12"
        r="10"
      />
    </svg>
    <span
      class="c-fIXJvv c-fIXJvv-bndJoy-size-sm c-fIXJvv-igszWir-css"
    >
      This is an Inline Message
    </span>
  </div>
</div>
`;
