// Jest Snapshot v1, https://goo.gl/fbAQLP

exports[`PasswordInput component renders 1`] = `
.sxtros6 {
  display: inline-block;
  fill: none;
  stroke: currentcolor;
  stroke-linecap: round;
  stroke-linejoin: round;
  stroke-width: 2;
  vertical-align: middle;
}

.sxtros6mbqqh--size-md {
  height: var(--sx-sizes-2);
  width: var(--sx-sizes-2);
}

.sxtros6-7bxbw {
  height: 20px;
  width: 20px;
}

.sxla3ki {
  align-items: center;
  -webkit-appearance: none;
  appearance: none;
  border: unset;
  border-radius: var(--sx-radii-0);
  box-sizing: border-box;
  cursor: pointer;
  display: flex;
  justify-content: center;
  padding: unset;
  transition: all 125ms ease-out;
}

.sxla3ki[disabled],
.sxla3ki[disabled]:hover,
.sxla3ki[disabled]:focus {
  color: var(--sx-colors-tonal600);
  border-color: var(--sx-colors-tonal600);
  cursor: not-allowed;
}

.sxla3ki2gdaw--size-lg {
  height: var(--sx-sizes-4);
  width: var(--sx-sizes-4);
}

.sxla3kio0ahp--c2 {
  background: transparent;
  color: var(--sx-colors-tonal600);
}

.sxla3kio0ahp--c2:hover,
.sxla3kio0ahp--c2:focus {
  color: var(--sx-colors-primary);
}

.sxla3ki-014be {
  bottom: 0;
  position: absolute;
  right: 0;
}

.sx03kze-2v396 {
  position: relative;
}

.sx1s1jh {
  -webkit-appearance: none;
  appearance: none;
  border: 1px solid var(--sx-colors-tonal400);
  border-radius: var(--sx-radii-0);
  box-shadow: none;
  box-sizing: border-box;
  color: var(--sx-colors-tonal800);
  cursor: text;
  display: block;
  font-family: var(--sx-fonts-body);
  padding-left: var(--sx-space-3);
  padding-right: var(--sx-space-3);
  transition: all 100ms ease-out;
  width: 100%;
}

.sx1s1jh:focus {
  border-color: var(--sx-colors-primary);
  outline: none;
}

.sx1s1jh[disabled] {
  background-color: var(--sx-colors-tonal100);
  color: var(--sx-colors-tonal600);
  cursor: not-allowed;
}

.sx1s1jhpw03g--size-md {
  height: var(--sx-sizes-4);
  font-size: var(--sx-fontSizes-md);
}

.sx1s1jh-m8e5u {
  padding-right: var(--sx-sizes-2);
}

<div>
  <div
    class="sx03kze sx03kze-2v396"
  >
    <input
      class="sx1s1jh sx1s1jhpw03g--size-md sx1s1jh-m8e5u"
      type="password"
    />
    <button
      aria-label="Show password"
      class="sxla3ki sxla3ki03kze--theme-primary sxla3ki03kze--appearance-simple sxla3ki2gdaw--size-lg sxla3kio0ahp--c2 sxla3ki-014be"
      type="button"
    >
      <svg
        aria-hidden="true"
        class="sxtros6 sxtros6mbqqh--size-md sxtros6-7bxbw"
        viewBox="0 0 24 24"
        xmlns="http://www.w3.org/2000/svg"
      >
        <path
          d="M22 12s-3 6-10 6-10-6-10-6 3-6 10-6 10 6 10 6z"
        />
        <circle
          cx="12"
          cy="12"
          r="3"
        />
        <path
          d="M3 21L20 4"
        />
      </svg>
    </button>
  </div>
</div>
`;
