// Jest Snapshot v1, https://goo.gl/fbAQLP

exports[`FileInput component renders 1`] = `
@media  {
  .c-fkUJsw {
    align-items: center;
    background: unset;
    border: unset;
    border-radius: var(--radii-0);
    cursor: pointer;
    display: flex;
    font-family: var(--fonts-body);
    font-weight: 600;
    justify-content: center;
    padding: unset;
    text-decoration: none;
    transition: all 100ms ease-out;
    white-space: nowrap;
    width: max-content;
  }

  .c-dbrbZt {
    display: inline-block;
    fill: none;
    stroke: currentcolor;
    stroke-linecap: round;
    stroke-linejoin: round;
    vertical-align: middle;
  }
}

@media  {
  .c-fkUJsw-dXsdwv-size-md {
    font-size: var(--fontSizes-md);
    line-height: 1.5;
    height: var(--sizes-4);
    padding-left: var(--space-5);
    padding-right: var(--space-5);
    gap: var(--space-3);
  }

  .c-fkUJsw-dXsdwv-size-md .c-dbrbZt {
    height: 20px;
    width: 20px;
  }

  .c-dbrbZt-dMrjnF-size-md {
    height: var(--sizes-2);
    width: var(--sizes-2);
    stroke-width: 1.75;
  }
}

@media  {
  .c-fkUJsw-gsycxF-cv {
    background: var(--colors-primary);
    color: white;
  }

  .c-fkUJsw-gsycxF-cv[disabled] {
    background: var(--colors-tonal100);
    color: var(--colors-tonal400);
    cursor: not-allowed;
  }

  .c-fkUJsw-gsycxF-cv:not([disabled]):hover,
  .c-fkUJsw-gsycxF-cv:not([disabled]):focus {
    background: var(--colors-primaryMid);
    color: white;
  }

  .c-fkUJsw-gsycxF-cv:not([disabled]):active {
    background: var(--colors-primaryDark);
  }
}

<div>
  <label
    class="c-fkUJsw c-fkUJsw-dXsdwv-size-md c-fkUJsw-gsycxF-cv"
    type="button"
  >
    <svg
      aria-hidden="true"
      class="c-dbrbZt c-dbrbZt-dMrjnF-size-md"
      viewBox="0 0 24 24"
      xmlns="http://www.w3.org/2000/svg"
    >
      <path
        d="M12 4v13"
      />
      <polyline
        points="7 8 12 3 17 8"
      />
      <path
        d="M20 21H4"
      />
    </svg>
    Upload
    <input
      hidden=""
      type="file"
    />
  </label>
</div>
`;
