// Jest Snapshot v1, https://goo.gl/fbAQLP

exports[`Toast component renders 1`] = `
<div>
  <div
    class="c-daNhZM"
  />
</div>
`;
